// Jest Snapshot v1, https://jestjs.io/docs/snapshot-testing

exports[`Blueprint Calculation Integration Tests Snapshot Testing material tree structure matches snapshot 1`] = `
{
  "breakdown": [
    {
      "blueprintName": "Scourge Heavy Missile Blueprint",
      "blueprintTypeID": 810,
      "intermediateComponents": [],
      "meLevel": 10,
      "productName": "Scourge Heavy Missile",
      "productQuantity": 100,
      "productTypeID": 209,
      "rawMaterials": [
        {
          "quantity": 731,
          "typeID": 34,
          "typeName": "Tritanium",
        },
        {
          "quantity": 2,
          "typeID": 38,
          "typeName": "Nocxium",
        },
      ],
      "runs": 1,
    },
  ],
  "materials": {
    "34": 731,
    "38": 2,
  },
  "pricing": {
    "inputCosts": {
      "allPricesAvailable": true,
      "itemsWithPrices": 2,
      "itemsWithoutPrices": 0,
      "materialPrices": {
        "34": {
          "hasPrice": true,
          "quantity": 731,
          "totalPrice": 7310,
          "unitPrice": 10,
        },
        "38": {
          "hasPrice": true,
          "quantity": 2,
          "totalPrice": 2034,
          "unitPrice": 1017,
        },
      },
      "totalCost": 9344,
    },
    "jobCost": 1048.2775909986167,
    "jobCostBreakdown": {
      "estimatedItemValue": 4364.186473766098,
      "facilityTax": 0,
      "facilityTaxRate": 0,
      "jobBaseCost": 873.7101320479728,
      "jobGrossCost": 873.7101320479728,
      "sccSurcharge": 174.56745895064392,
      "structureRollBonus": 0,
      "systemCostIndex": 0.2002,
      "totalJobCost": 1048.2775909986167,
    },
    "outputValue": {
      "hasPrice": true,
      "quantity": 100,
      "totalValue": 11660,
      "typeID": 209,
      "unitPrice": 116.6,
    },
    "profit": 559.1374090013851,
    "profitMargin": 4.795346560903817,
    "salesTax": 708.5849999999999,
    "taxesBreakdown": {
      "accountingSkillLevel": 5,
      "baseSalesTaxRate": 7.5,
      "brokerRelationsSkillLevel": 5,
      "effectiveSalesTaxRate": 3.3749999999999996,
      "materialBrokerFee": 140.16,
      "materialBrokerFeeRate": 1.5,
      "materialsCost": 9344,
      "outputValue": 11660,
      "productBrokerFee": 174.9,
      "productBrokerFeeRate": 1.5,
      "productSalesTax": 393.5249999999999,
      "totalMaterialFees": 140.16,
      "totalProductFees": 568.425,
      "totalTaxes": 708.5849999999999,
    },
    "totalCosts": 11100.862590998615,
  },
  "product": {
    "baseQuantity": 100,
    "quantity": 100,
    "typeID": 209,
    "typeName": "Scourge Heavy Missile",
  },
}
`;
